PAD 4
PAELLA 4
PANCAKES 4
PAPAYA 4
PARMESAN 8
PASSION 4
PASSIONFRUIT 4
PASTA 8
PAWPAW 4
PEPPERS 4
PERSIMMON 8
PESTO 4
PHILLY 4
PHO 4
PIE 12
PINEAPPLE 8
PIZZA 8
PLANTAIN 4
PLUM 4
PO 4
POMEGRANATE 4
POMELO 4
PORK 4
POT 4
PRICKLY 4
PULLED 4