S 12
SAGUARO 4
SALAD 20
SALAK 4
SALMON 4
SANDWICH 12
SAPOTE 4
SATAY 4
SCAMPI 4
SHAWARMA 4
SHELLS 4
SHORTCAKE 4
SHRIMP 8
SLOPPY 4
SOUP 12
SOURSOP 4
SPRING 4
STARFRUIT 4
STEAK 4
STIR 8
STUFFED 12
SUB 4
SUGAR 4
SUSHI 4