MACARONI 4
MARSALA 4
MEATBALL 4
MELON 4
MIRACLE 4
MORES 4
MOUSSE 4
MULBERRY 4
MUSHROOMS 4