LASAGNA 4
LEMON 4
LIME 12
LINGONBERRY 4
LOBSTER 8
LOGANBERRY 4
LONGAN 4
LOQUAT 4
LYCHEE 4