FAJITA 4
FAJITAS 4
FALAFEL 8
FEIJOA 4
FETTUCCINE 4
FIG 4
FINGER 4
FISH 4
FONDUE 4
FRENCH 4
FRIED 12
FRUIT 16
FRY 8