BAKED 12
BAKLAVA 4
BBQ 4
BEEF 12
BISQUE 4
BLACKBERRY 4
BLACKCURRANT 4
BOY 4
BOYSENBERRY 8
BREADFRUIT 4
BREADNUT 4
BRUSCHETTA 4
BUDDHA 8
BUFFALO 4
BURGER 4
BURRITO 4