GOOSEBERRY 4
GRAPEFRUIT 4
GRILLED 4
GUAVA 4
GUMBO 4
GYRO 8