TACOS 4
TANDOORI 4
TANGERINE 4
TENDERS 4
TERIYAKI 4
THAI 4
TIRAMISU 4
TOAST 4
TOFU 4
TOMATO 4
TUNA 4