RAMBUTAN 4
RAMEN 4
RASPBERRY 4
RATATOUILLE 4
RIBS 4
RICE 8
RISOTTO 4
ROAST 4
ROLL 4
ROLLS 8