CABBAGE 4
CACTUS 4
CAESAR 16
CAKE 4
CAKES 4
CALZONE 4
CANNOLI 4
CANTALOUPE 4
CAPRESE 4
CEVICHE 4
CHAYOTE 4
CHEESE 8
CHEESECAKE 4
CHEESESTEAK 4
CHERRY 4
CHICKEN 76
CHILI 4
CHIPS 4
CHOCOLATE 8
CHOWDER 4
CLAM 4
CLEMENTINE 4
CLOUDBERRY 4
COBB 4
COCONUT 4
CORNED 4
CRAB 4
CRANBERRY 4
CROISSANT 4
CURRANT 4
CUSTARD 4